
> vite_react_shadcn_ts@0.0.0 build
> vite build

[36mvite v5.4.21 [32mbuilding for production...[36m[39m
transforming...
node.exe : 
[33m[vite:css] 
@import must precede 
all other statements 
(besides @charset or 
empty @layer)
At C:\Program Files\nod
ejs\npm.ps1:29 char:3
+   & $NODE_EXE 
$NPM_CLI_JS $args
+   ~~~~~~~~~~~~~~~~~~~
~~~~~~~~~~
    + CategoryInfo     
         : NotSpecifi  
  ed: ([33m[vite:cs   
 s]...r empty @laye    
r):String) [], Rem    
oteException
    + FullyQualifiedEr 
   rorId : NativeComm  
  andError
 
3  |  @tailwind 
utilities;
4  |  
5  |  @import url('http
s://fonts.googleapis.co
m/css2?family=Syne:wght
@400;500;600;700;800&fa
mily=Space+Grotesk:wght
@300;400;500;600;700&di
splay=swap');
   |  ^^^^^^^^^^^^^^^^^
^^^^^^^^^^^^^^^^^^^^^^^
^^^^^^^^^^^^^^^^^^^^^^^
^^^^^^^^^^^^^^^^^^^^^^^
^^^^^^^^^^^^^^^^^^^^^^^
^^^^^^^^^^^^^^^^^^^^^^^
^^^^^^^^^^^^^
6  |  
7  |  @layer base 
{[39m
[32mΓ£ô[39m 1726 modules transformed.
rendering chunks...
computing gzip size...
[2mdist/[22m[32mindex.html                 [39m[1m[2m  1.71 kB[22m[1m[22m[2m Γöé gzip:   0.72 kB[22m
[2mdist/[22m[35massets/index-BRxk5-TJ.css  [39m[1m[2m 78.58 kB[22m[1m[22m[2m Γöé gzip:  13.14 kB[22m
[2mdist/[22m[36massets/index-D6YBfBMo.js   [39m[1m[2m401.62 kB[22m[1m[22m[2m Γöé gzip: 122.96 kB[22m
[32mΓ£ô built in 8.34s[39m
